---
source: examples/visualize/geojson.rs
expression: geojson
---
{
  "features": [
    {
      "geometry": {
        "coordinates": [
          [
            6.9322167,
            51.08195
          ],
          [
            6.2772167,
            50.9991667
          ],
          [
            6.1922167,
            51.1766667
          ],
          [
            6.6077833,
            50.965
          ],
          [
            7.03695,
            51.0977833
          ]
        ],
        "type": "LineString"
      },
      "properties": {
        "feature_type": "course_line"
      },
      "type": "Feature"
    },
    {
      "geometry": {
        "coordinates": [
          [
            6.95975088,
            50.99370031
          ],
          [
            6.90457728,
            51.1701932
          ]
        ],
        "type": "LineString"
      },
      "properties": {
        "feature_type": "observation_zone",
        "name": "095Monheim AB Dreieck",
        "point_type": "Start"
      },
      "type": "Feature"
    },
    {
      "geometry": {
        "coordinates": [
          6.9322167,
          51.08195
        ],
        "type": "Point"
      },
      "properties": {
        "feature_type": "waypoint",
        "name": "095Monheim AB Dreieck",
        "point_type": "Start"
      },
      "type": "Feature"
    },
    {
      "geometry": {
        "coordinates": [
          [
            [
              6.31150334,
              50.91186664
            ],
            [
              6.30466804,
              50.91091284
            ],
            [
              6.29776699,
              50.91017125
            ],
            [
              6.29081671,
              50.90964366
            ],
            [
              6.28383386,
              50.90933132
            ],
            [
              6.27683516,
              50.90923498
            ],
            [
              6.26983737,
              50.90935488
            ],
            [
              6.26285725,
              50.90969073
            ],
            [
              6.25591153,
              50.91024172
            ],
            [
              6.24901685,
              50.91100653
            ],
            [
              6.24218971,
              50.91198334
            ],
            [
              6.23544648,
              50.9131698
            ],
            [
              6.22880333,
              50.91456306
            ],
            [
              6.22227617,
              50.9161598
            ],
            [
              6.21588066,
              50.91795618
            ],
            [
              6.20963214,
              50.9199479
            ],
            [
              6.20354561,
              50.92213019
            ],
            [
              6.19763567,
              50.92449781
            ],
            [
              6.19191654,
              50.92704509
            ],
            [
              6.18640194,
              50.92976593
            ],
            [
              6.18110515,
              50.93265379
            ],
            [
              6.1760389,
              50.93570175
            ],
            [
              6.17121541,
              50.93890251
            ],
            [
              6.16664628,
              50.94224837
            ],
            [
              6.16234256,
              50.94573131
            ],
            [
              6.15831462,
              50.94934296
            ],
            [
              6.15457221,
              50.95307467
            ],
            [
              6.15112437,
              50.95691745
            ],
            [
              6.14797948,
              50.96086209
            ],
            [
              6.14514516,
              50.9648991
            ],
            [
              6.14262831,
              50.96901879
            ],
            [
              6.14043506,
              50.97321124
            ],
            [
              6.13857077,
              50.97746638
            ],
            [
              6.27028133,
              50.99808558
            ],
            [
              6.27017372,
              50.9984096
            ],
            [
              6.27010428,
              50.99873771
            ],
            [
              6.27007338,
              50.99906816
            ],
            [
              6.27008119,
              50.99939913
            ],
            [
              6.27012767,
              50.99972885
            ],
            [
              6.27021257,
              51.00005553
            ],
            [
              6.27033542,
              51.00037739
            ],
            [
              6.27049557,
              51.00069269
            ],
            [
              6.27069214,
              51.00099972
            ],
            [
              6.27092408,
              51.00129682
            ],
            [
              6.27119012,
              51.00158237
            ],
            [
              6.27148882,
              51.00185483
            ],
            [
              6.27181857,
              51.00211273
            ],
            [
              6.27217758,
              51.00235466
            ],
            [
              6.2725639,
              51.00257932
            ],
            [
              6.27297544,
              51.00278548
            ],
            [
              6.27340997,
              51.00297203
            ],
            [
              6.27386513,
              51.00313796
            ],
            [
              6.27433846,
              51.00328236
            ],
            [
              6.27482739,
              51.00340446
            ],
            [
              6.27532928,
              51.00350359
            ],
            [
              6.27584139,
              51.00357922
            ],
            [
              6.27636096,
              51.00363094
            ],
            [
              6.27688517,
              51.00365846
            ],
            [
              6.27741117,
              51.00366164
            ],
            [
              6.27793613,
              51.00364045
            ],
            [
              6.27845718,
              51.00359502
            ],
            [
              6.2789715,
              51.00352559
            ],
            [
              6.27947632,
              51.00343254
            ],
            [
              6.27996889,
              51.00331637
            ],
            [
              6.28044653,
              51.00317771
            ],
            [
              6.28090667,
              51.00301731
            ],
            [
              6.28134681,
              51.00283604
            ],
            [
              6.28176457,
              51.00263489
            ],
            [
              6.28215767,
              51.00241494
            ],
            [
              6.28252399,
              51.00217739
            ],
            [
              6.28286154,
              51.00192352
            ],
            [
              6.2831685,
              51.00165472
            ],
            [
              6.2834432,
              51.00137243
            ],
            [
              6.28368416,
              51.00107819
            ],
            [
              6.28389006,
              51.00077359
            ],
            [
              6.28405979,
              51.00046028
            ],
            [
              6.28419244,
              51.00013996
            ],
            [
              6.28428729,
              50.99981437
            ],
            [
              6.28434381,
              50.99948528
            ],
            [
              6.28436172,
              50.99915445
            ],
            [
              6.2843409,
              50.9988237
            ],
            [
              6.28428148,
              50.9984948
            ],
            [
              6.28418377,
              50.99816955
            ],
            [
              6.28404831,
              50.9978497
            ],
            [
              6.28387584,
              50.99753699
            ],
            [
              6.28366728,
              50.99723311
            ],
            [
              6.28342377,
              50.99693971
            ],
            [
              6.28314662,
              50.99665838
            ],
            [
              6.28283735,
              50.99639064
            ],
            [
              6.28249763,
              50.99613795
            ],
            [
              6.28212929,
              50.99590166
            ],
            [
              6.28173434,
              50.99568307
            ],
            [
              6.28131491,
              50.99548336
            ],
            [
              6.28087327,
              50.99530361
            ],
            [
              6.28041183,
              50.99514479
            ],
            [
              6.27993308,
              50.99500776
            ],
            [
              6.27943961,
              50.99489327
            ],
            [
              6.27893409,
              50.99480194
            ],
            [
              6.31150334,
              50.91186664
            ]
          ]
        ],
        "type": "Polygon"
      },
      "properties": {
        "feature_type": "observation_zone",
        "name": "084Linnich Kontrollpunkt",
        "point_type": "Turn"
      },
      "type": "Feature"
    },
    {
      "geometry": {
        "coordinates": [
          6.2772167,
          50.9991667
        ],
        "type": "Point"
      },
      "properties": {
        "feature_type": "waypoint",
        "name": "1. 084Linnich Kontrollpunkt",
        "point_type": "Turn"
      },
      "type": "Feature"
    },
    {
      "geometry": {
        "coordinates": [
          [
            [
              6.05138732,
              51.19386405
            ],
            [
              6.05289704,
              51.19817555
            ],
            [
              6.05474286,
              51.20243541
            ],
            [
              6.05692042,
              51.20663336
            ],
            [
              6.05942455,
              51.21075925
            ],
            [
              6.0622493,
              51.21480313
            ],
            [
              6.06538793,
              51.21875524
            ],
            [
              6.06883294,
              51.22260602
            ],
            [
              6.07257608,
              51.22634618
            ],
            [
              6.07660837,
              51.22996667
            ],
            [
              6.08092014,
              51.23345875
            ],
            [
              6.08550103,
              51.23681397
            ],
            [
              6.09034001,
              51.24002421
            ],
            [
              6.09542543,
              51.24308172
            ],
            [
              6.10074505,
              51.2459791
            ],
            [
              6.10628602,
              51.24870933
            ],
            [
              6.11203497,
              51.25126581
            ],
            [
              6.11797804,
              51.25364235
            ],
            [
              6.12410084,
              51.2558332
            ],
            [
              6.1303886,
              51.25783304
            ],
            [
              6.13682609,
              51.25963705
            ],
            [
              6.14339774,
              51.26124084
            ],
            [
              6.15008765,
              51.26264054
            ],
            [
              6.15687962,
              51.26383274
            ],
            [
              6.16375721,
              51.26481458
            ],
            [
              6.17070376,
              51.26558366
            ],
            [
              6.17770243,
              51.26613812
            ],
            [
              6.18473627,
              51.26647662
            ],
            [
              6.19178824,
              51.26659834
            ],
            [
              6.19884124,
              51.26650298
            ],
            [
              6.2058782,
              51.26619077
            ],
            [
              6.21288205,
              51.26566248
            ],
            [
              6.21983582,
              51.26491938
            ],
            [
              6.19359514,
              51.18107949
            ],
            [
              6.19410926,
              51.18100396
            ],
            [
              6.19461313,
              51.18090492
            ],
            [
              6.195104,
              51.18078292
            ],
            [
              6.19557922,
              51.1806386
            ],
            [
              6.19603621,
              51.18047276
            ],
            [
              6.1964725,
              51.1802863
            ],
            [
              6.19688573,
              51.18008021
            ],
            [
              6.19727364,
              51.17985563
            ],
            [
              6.19763415,
              51.17961377
            ],
            [
              6.19796529,
              51.17935594
            ],
            [
              6.19826528,
              51.17908353
            ],
            [
              6.19853248,
              51.17879803
            ],
            [
              6.19876545,
              51.17850097
            ],
            [
              6.19896293,
              51.17819398
            ],
            [
              6.19912385,
              51.17787871
            ],
            [
              6.19924733,
              51.17755688
            ],
            [
              6.19933271,
              51.17723022
            ],
            [
              6.19937953,
              51.17690051
            ],
            [
              6.19938753,
              51.17656953
            ],
            [
              6.19935668,
              51.17623908
            ],
            [
              6.19928713,
              51.17591095
            ],
            [
              6.19917927,
              51.17558692
            ],
            [
              6.19903368,
              51.17526873
            ],
            [
              6.19885115,
              51.17495813
            ],
            [
              6.19863267,
              51.17465678
            ],
            [
              6.19837943,
              51.17436633
            ],
            [
              6.1980928,
              51.17408834
            ],
            [
              6.19777433,
              51.17382433
            ],
            [
              6.19742574,
              51.17357572
            ],
            [
              6.19704894,
              51.17334385
            ],
            [
              6.19664595,
              51.17313
            ],
            [
              6.19621897,
              51.17293531
            ],
            [
              6.19577031,
              51.17276084
            ],
            [
              6.19530239,
              51.17260753
            ],
            [
              6.19481775,
              51.17247622
            ],
            [
              6.19431903,
              51.17236761
            ],
            [
              6.19380891,
              51.1722823
            ],
            [
              6.19329017,
              51.17222075
            ],
            [
              6.19276561,
              51.17218329
            ],
            [
              6.19223808,
              51.17217012
            ],
            [
              6.19171043,
              51.17218131
            ],
            [
              6.19118553,
              51.17221682
            ],
            [
              6.19066621,
              51.17227643
            ],
            [
              6.19015529,
              51.17235983
            ],
            [
              6.18965554,
              51.17246657
            ],
            [
              6.18916967,
              51.17259607
            ],
            [
              6.1887003,
              51.17274762
            ],
            [
              6.18824998,
              51.17292041
            ],
            [
              6.18782116,
              51.17311351
            ],
            [
              6.18741614,
              51.17332585
            ],
            [
              6.18703714,
              51.1735563
            ],
            [
              6.1866862,
              51.17380361
            ],
            [
              6.18636523,
              51.17406643
            ],
            [
              6.18607596,
              51.17434334
            ],
            [
              6.18581996,
              51.17463284
            ],
            [
              6.18559862,
              51.17493336
            ],
            [
              6.18541314,
              51.17524328
            ],
            [
              6.18526453,
              51.17556091
            ],
            [
              6.18515359,
              51.17588454
            ],
            [
              6.18508092,
              51.1762124
            ],
            [
              6.18504692,
              51.17654273
            ],
            [
              6.18505177,
              51.17687373
            ],
            [
              6.18509546,
              51.17720361
            ],
            [
              6.18517773,
              51.17753058
            ],
            [
              6.05138732,
              51.19386405
            ]
          ]
        ],
        "type": "Polygon"
      },
      "properties": {
        "feature_type": "observation_zone",
        "name": "113Ritzeroder Duenen",
        "point_type": "Turn"
      },
      "type": "Feature"
    },
    {
      "geometry": {
        "coordinates": [
          6.1922167,
          51.1766667
        ],
        "type": "Point"
      },
      "properties": {
        "feature_type": "waypoint",
        "name": "2. 113Ritzeroder Duenen",
        "point_type": "Turn"
      },
      "type": "Feature"
    },
    {
      "geometry": {
        "coordinates": [
          [
            [
              6.69702417,
              50.89482755
            ],
            [
              6.69145559,
              50.89215421
            ],
            [
              6.68568637,
              50.88965616
            ],
            [
              6.67973039,
              50.88733939
            ],
            [
              6.67360195,
              50.88520945
            ],
            [
              6.66731576,
              50.88327145
            ],
            [
              6.6608869,
              50.88153003
            ],
            [
              6.6543308,
              50.87998937
            ],
            [
              6.64766317,
              50.87865315
            ],
            [
              6.64090001,
              50.87752458
            ],
            [
              6.63405751,
              50.87660636
            ],
            [
              6.62715207,
              50.8759007
            ],
            [
              6.62020025,
              50.87540927
            ],
            [
              6.61321867,
              50.87513326
            ],
            [
              6.60622408,
              50.87507334
            ],
            [
              6.59923323,
              50.87522963
            ],
            [
              6.59226285,
              50.87560178
            ],
            [
              6.58532965,
              50.87618888
            ],
            [
              6.57845024,
              50.87698953
            ],
            [
              6.57164109,
              50.87800182
            ],
            [
              6.56491852,
              50.87922331
            ],
            [
              6.55829865,
              50.88065109
            ],
            [
              6.55179734,
              50.88228172
            ],
            [
              6.54543019,
              50.88411131
            ],
            [
              6.53921248,
              50.88613547
            ],
            [
              6.53315912,
              50.88834935
            ],
            [
              6.52728465,
              50.89074764
            ],
            [
              6.52160318,
              50.89332459
            ],
            [
              6.51612837,
              50.89607402
            ],
            [
              6.51087338,
              50.89898934
            ],
            [
              6.50585087,
              50.90206356
            ],
            [
              6.50107293,
              50.9052893
            ],
            [
              6.49655107,
              50.90865882
            ],
            [
              6.60221528,
              50.96218545
            ],
            [
              6.60190161,
              50.96245105
            ],
            [
              6.60161981,
              50.96273046
            ],
            [
              6.6013714,
              50.96302216
            ],
            [
              6.60115774,
              50.96332459
            ],
            [
              6.60097997,
              50.9636361
            ],
            [
              6.60083908,
              50.96395499
            ],
            [
              6.6007358,
              50.96427956
            ],
            [
              6.60067072,
              50.96460802
            ],
            [
              6.60064418,
              50.96493862
            ],
            [
              6.60065633,
              50.96526954
            ],
            [
              6.6007071,
              50.96559901
            ],
            [
              6.60079622,
              50.96592523
            ],
            [
              6.60092321,
              50.96624644
            ],
            [
              6.60108737,
              50.9665609
            ],
            [
              6.60128782,
              50.96686689
            ],
            [
              6.60152348,
              50.96716277
            ],
            [
              6.60179306,
              50.96744694
            ],
            [
              6.60209511,
              50.96771784
            ],
            [
              6.60242799,
              50.96797401
            ],
            [
              6.6027899,
              50.96821407
            ],
            [
              6.60317887,
              50.9684367
            ],
            [
              6.6035928,
              50.96864072
            ],
            [
              6.60402944,
              50.968825
            ],
            [
              6.60448643,
              50.96898856
            ],
            [
              6.6049613,
              50.96913049
            ],
            [
              6.60545145,
              50.96925005
            ],
            [
              6.60595425,
              50.96934656
            ],
            [
              6.60646697,
              50.96941953
            ],
            [
              6.60698681,
              50.96946854
            ],
            [
              6.60751098,
              50.96949333
            ],
            [
              6.60803662,
              50.96949377
            ],
            [
              6.60856089,
              50.96946986
            ],
            [
              6.60908094,
              50.96942172
            ],
            [
              6.60959396,
              50.96934962
            ],
            [
              6.61009717,
              50.96925394
            ],
            [
              6.61058783,
              50.96913521
            ],
            [
              6.61106329,
              50.96899407
            ],
            [
              6.61152097,
              50.96883128
            ],
            [
              6.61195839,
              50.96864773
            ],
            [
              6.61237318,
              50.96844441
            ],
            [
              6.6127631,
              50.96822243
            ],
            [
              6.61312602,
              50.96798298
            ],
            [
              6.61345998,
              50.96772737
            ],
            [
              6.61376317,
              50.96745697
            ],
            [
              6.61403396,
              50.96717326
            ],
            [
              6.61427086,
              50.96687778
            ],
            [
              6.61447261,
              50.96657212
            ],
            [
              6.6146381,
              50.96625794
            ],
            [
              6.61476644,
              50.96593694
            ],
            [
              6.61485694,
              50.96561087
            ],
            [
              6.6149091,
              50.96528149
            ],
            [
              6.61492265,
              50.96495059
            ],
            [
              6.61489751,
              50.96461995
            ],
            [
              6.61483382,
              50.96429138
            ],
            [
              6.61473192,
              50.96396664
            ],
            [
              6.61459237,
              50.96364751
            ],
            [
              6.61441592,
              50.96333571
            ],
            [
              6.61420354,
              50.96303292
            ],
            [
              6.61395636,
              50.9627408
            ],
            [
              6.61367574,
              50.96246092
            ],
            [
              6.61336319,
              50.9621948
            ],
            [
              6.61302042,
              50.96194388
            ],
            [
              6.61264926,
              50.96170952
            ],
            [
              6.61225174,
              50.96149299
            ],
            [
              6.69702417,
              50.89482755
            ]
          ]
        ],
        "type": "Polygon"
      },
      "properties": {
        "feature_type": "observation_zone",
        "name": "021Bergheim",
        "point_type": "Turn"
      },
      "type": "Feature"
    },
    {
      "geometry": {
        "coordinates": [
          6.6077833,
          50.965
        ],
        "type": "Point"
      },
      "properties": {
        "feature_type": "waypoint",
        "name": "3. 021Bergheim",
        "point_type": "Turn"
      },
      "type": "Feature"
    },
    {
      "geometry": {
        "coordinates": [
          [
            [
              7.03695,
              51.11576971
            ],
            [
              7.0397584,
              51.11568306
            ],
            [
              7.04253973,
              51.11542397
            ],
            [
              7.04526717,
              51.11499492
            ],
            [
              7.04791441,
              51.11440006
            ],
            [
              7.05045595,
              51.11364512
            ],
            [
              7.05286728,
              51.11273737
            ],
            [
              7.05512518,
              51.11168557
            ],
            [
              7.05720788,
              51.11049986
            ],
            [
              7.05909532,
              51.10919166
            ],
            [
              7.06076934,
              51.10777359
            ],
            [
              7.06221382,
              51.10625931
            ],
            [
              7.06341485,
              51.10466341
            ],
            [
              7.06436091,
              51.10300127
            ],
            [
              7.06504289,
              51.10128891
            ],
            [
              7.06545426,
              51.09954281
            ],
            [
              7.06559109,
              51.0977798
            ],
            [
              7.06545208,
              51.09601686
            ],
            [
              7.06503862,
              51.09427096
            ],
            [
              7.06435472,
              51.09255892
            ],
            [
              7.06340697,
              51.09089721
            ],
            [
              7.06220455,
              51.08930185
            ],
            [
              7.06075905,
              51.08778817
            ],
            [
              7.0590844,
              51.08637075
            ],
            [
              7.05719674,
              51.08506324
            ],
            [
              7.05511425,
              51.08387821
            ],
            [
              7.05285699,
              51.08282707
            ],
            [
              7.05044668,
              51.08191993
            ],
            [
              7.04790653,
              51.08116551
            ],
            [
              7.04526098,
              51.08057109
            ],
            [
              7.04253547,
              51.08014236
            ],
            [
              7.03975623,
              51.07988347
            ],
            [
              7.03695,
              51.07979689
            ],
            [
              7.03414377,
              51.07988347
            ],
            [
              7.03136453,
              51.08014236
            ],
            [
              7.02863902,
              51.08057109
            ],
            [
              7.02599347,
              51.08116551
            ],
            [
              7.02345332,
              51.08191993
            ],
            [
              7.02104301,
              51.08282707
            ],
            [
              7.01878575,
              51.08387821
            ],
            [
              7.01670326,
              51.08506324
            ],
            [
              7.0148156,
              51.08637075
            ],
            [
              7.01314095,
              51.08778817
            ],
            [
              7.01169545,
              51.08930185
            ],
            [
              7.01049303,
              51.09089721
            ],
            [
              7.00954528,
              51.09255892
            ],
            [
              7.00886138,
              51.09427096
            ],
            [
              7.00844792,
              51.09601686
            ],
            [
              7.00830891,
              51.0977798
            ],
            [
              7.00844574,
              51.09954281
            ],
            [
              7.00885711,
              51.10128891
            ],
            [
              7.00953909,
              51.10300127
            ],
            [
              7.01048515,
              51.10466341
            ],
            [
              7.01168618,
              51.10625931
            ],
            [
              7.01313066,
              51.10777359
            ],
            [
              7.01480468,
              51.10919166
            ],
            [
              7.01669212,
              51.11049986
            ],
            [
              7.01877482,
              51.11168557
            ],
            [
              7.02103272,
              51.11273737
            ],
            [
              7.02344405,
              51.11364512
            ],
            [
              7.02598559,
              51.11440006
            ],
            [
              7.02863283,
              51.11499492
            ],
            [
              7.03136027,
              51.11542397
            ],
            [
              7.0341416,
              51.11568306
            ],
            [
              7.03695,
              51.11576971
            ]
          ]
        ],
        "type": "Polygon"
      },
      "properties": {
        "feature_type": "observation_zone",
        "name": "002Zielkreis",
        "point_type": "Finish"
      },
      "type": "Feature"
    },
    {
      "geometry": {
        "coordinates": [
          7.03695,
          51.0977833
        ],
        "type": "Point"
      },
      "properties": {
        "feature_type": "waypoint",
        "name": "002Zielkreis",
        "point_type": "Finish"
      },
      "type": "Feature"
    }
  ],
  "type": "FeatureCollection"
}
