---
source: examples/visualize/geojson.rs
expression: geojson
---
{
  "features": [
    {
      "geometry": {
        "coordinates": [
          [
            6.9852833,
            51.1413833
          ],
          [
            6.18695,
            50.8241667
          ],
          [
            7.1375,
            50.5597167
          ],
          [
            6.4916667,
            50.8888833
          ],
          [
            7.2,
            51.17695
          ],
          [
            7.03695,
            51.0977833
          ]
        ],
        "type": "LineString"
      },
      "properties": {
        "feature_type": "course_line"
      },
      "type": "Feature"
    },
    {
      "geometry": {
        "coordinates": [
          [
            7.06100643,
            51.06504878
          ],
          [
            6.90930941,
            51.21766876
          ]
        ],
        "type": "LineString"
      },
      "properties": {
        "feature_type": "observation_zone",
        "name": "Langenfeld-Wiescheid",
        "point_type": "Start"
      },
      "type": "Feature"
    },
    {
      "geometry": {
        "coordinates": [
          6.9852833,
          51.1413833
        ],
        "type": "Point"
      },
      "properties": {
        "feature_type": "waypoint",
        "name": "Langenfeld-Wiescheid",
        "point_type": "Start"
      },
      "type": "Feature"
    },
    {
      "geometry": {
        "coordinates": [
          [
            [
              6.18695,
              50.91409874
            ],
            [
              6.20093098,
              50.91366485
            ],
            [
              6.21477654,
              50.91236741
            ],
            [
              6.22835259,
              50.91021898
            ],
            [
              6.24152771,
              50.90724036
            ],
            [
              6.25417441,
              50.90346039
            ],
            [
              6.26617041,
              50.89891567
            ],
            [
              6.2773998,
              50.89365018
            ],
            [
              6.28775423,
              50.88771487
            ],
            [
              6.29713389,
              50.88116715
            ],
            [
              6.30544855,
              50.8740703
            ],
            [
              6.31261835,
              50.86649293
            ],
            [
              6.31857461,
              50.8585082
            ],
            [
              6.32326047,
              50.85019322
            ],
            [
              6.3266314,
              50.84162822
            ],
            [
              6.32865562,
              50.83289578
            ],
            [
              6.32931439,
              50.82408009
            ],
            [
              6.32860213,
              50.81526606
            ],
            [
              6.32652646,
              50.80653855
            ],
            [
              6.32310812,
              50.79798155
            ],
            [
              6.31838071,
              50.78967734
            ],
            [
              6.31239034,
              50.78170574
            ],
            [
              6.3051952,
              50.77414334
            ],
            [
              6.29686494,
              50.76706274
            ],
            [
              6.28748001,
              50.76053191
            ],
            [
              6.27713085,
              50.7546135
            ],
            [
              6.26591706,
              50.74936426
            ],
            [
              6.25394641,
              50.74483452
            ],
            [
              6.24133381,
              50.74106768
            ],
            [
              6.22820024,
              50.73809982
            ],
            [
              6.2146716,
              50.73595939
            ],
            [
              6.20087748,
              50.73466688
            ],
            [
              6.18695,
              50.73423466
            ],
            [
              6.17302252,
              50.73466688
            ],
            [
              6.1592284,
              50.73595939
            ],
            [
              6.14569976,
              50.73809982
            ],
            [
              6.13256619,
              50.74106768
            ],
            [
              6.11995359,
              50.74483452
            ],
            [
              6.10798294,
              50.74936426
            ],
            [
              6.09676915,
              50.7546135
            ],
            [
              6.08641999,
              50.76053191
            ],
            [
              6.07703506,
              50.76706274
            ],
            [
              6.0687048,
              50.77414334
            ],
            [
              6.06150966,
              50.78170574
            ],
            [
              6.05551929,
              50.78967734
            ],
            [
              6.05079188,
              50.79798155
            ],
            [
              6.04737354,
              50.80653855
            ],
            [
              6.04529787,
              50.81526606
            ],
            [
              6.04458561,
              50.82408009
            ],
            [
              6.04524438,
              50.83289578
            ],
            [
              6.0472686,
              50.84162822
            ],
            [
              6.05063953,
              50.85019322
            ],
            [
              6.05532539,
              50.8585082
            ],
            [
              6.06128165,
              50.86649293
            ],
            [
              6.06845145,
              50.8740703
            ],
            [
              6.07676611,
              50.88116715
            ],
            [
              6.08614577,
              50.88771487
            ],
            [
              6.0965002,
              50.89365018
            ],
            [
              6.10772959,
              50.89891567
            ],
            [
              6.11972559,
              50.90346039
            ],
            [
              6.13237229,
              50.90724036
            ],
            [
              6.14554741,
              50.91021898
            ],
            [
              6.15912346,
              50.91236741
            ],
            [
              6.17296902,
              50.91366485
            ],
            [
              6.18695,
              50.91409874
            ]
          ]
        ],
        "type": "Polygon"
      },
      "properties": {
        "feature_type": "observation_zone",
        "name": "Aachen Merzbrück",
        "point_type": "Area"
      },
      "type": "Feature"
    },
    {
      "geometry": {
        "coordinates": [
          6.18695,
          50.8241667
        ],
        "type": "Point"
      },
      "properties": {
        "feature_type": "waypoint",
        "name": "1. Aachen Merzbrück",
        "point_type": "Area"
      },
      "type": "Feature"
    },
    {
      "geometry": {
        "coordinates": [
          [
            [
              7.1375,
              50.82951281
            ],
            [
              7.17936597,
              50.8282062
            ],
            [
              7.22082181,
              50.82429916
            ],
            [
              7.26146157,
              50.81782997
            ],
            [
              7.30088775,
              50.80886198
            ],
            [
              7.33871527,
              50.79748296
            ],
            [
              7.37457546,
              50.78380422
            ],
            [
              7.40811972,
              50.76795944
            ],
            [
              7.43902307,
              50.75010333
            ],
            [
              7.46698729,
              50.73041005
            ],
            [
              7.49174384,
              50.70907144
            ],
            [
              7.5130564,
              50.6862951
            ],
            [
              7.53072309,
              50.66230231
            ],
            [
              7.54457823,
              50.6373258
            ],
            [
              7.55449381,
              50.61160748
            ],
            [
              7.56038046,
              50.58539603
            ],
            [
              7.56218811,
              50.5589445
            ],
            [
              7.55990619,
              50.5325078
            ],
            [
              7.5535635,
              50.50634029
            ],
            [
              7.54322762,
              50.48069333
            ],
            [
              7.52900408,
              50.45581285
            ],
            [
              7.51103504,
              50.43193706
            ],
            [
              7.48949781,
              50.40929423
            ],
            [
              7.4646029,
              50.38810048
            ],
            [
              7.43659195,
              50.36855784
            ],
            [
              7.40573529,
              50.35085238
            ],
            [
              7.37232935,
              50.33515247
            ],
            [
              7.33669381,
              50.32160723
            ],
            [
              7.29916863,
              50.31034524
            ],
            [
              7.26011086,
              50.30147328
            ],
            [
              7.21989142,
              50.29507546
            ],
            [
              7.17889167,
              50.29121237
            ],
            [
              7.1375,
              50.28992059
            ],
            [
              7.09610833,
              50.29121237
            ],
            [
              7.05510858,
              50.29507546
            ],
            [
              7.01488914,
              50.30147328
            ],
            [
              6.97583137,
              50.31034524
            ],
            [
              6.93830619,
              50.32160723
            ],
            [
              6.90267065,
              50.33515247
            ],
            [
              6.86926471,
              50.35085238
            ],
            [
              6.83840805,
              50.36855784
            ],
            [
              6.8103971,
              50.38810048
            ],
            [
              6.78550219,
              50.40929423
            ],
            [
              6.76396496,
              50.43193706
            ],
            [
              6.74599592,
              50.45581285
            ],
            [
              6.73177238,
              50.48069333
            ],
            [
              6.7214365,
              50.50634029
            ],
            [
              6.71509381,
              50.5325078
            ],
            [
              6.71281189,
              50.5589445
            ],
            [
              6.71461954,
              50.58539603
            ],
            [
              6.72050619,
              50.61160748
            ],
            [
              6.73042177,
              50.6373258
            ],
            [
              6.74427691,
              50.66230231
            ],
            [
              6.7619436,
              50.6862951
            ],
            [
              6.78325616,
              50.70907144
            ],
            [
              6.80801271,
              50.73041005
            ],
            [
              6.83597693,
              50.75010333
            ],
            [
              6.86688028,
              50.76795944
            ],
            [
              6.90042454,
              50.78380422
            ],
            [
              6.93628473,
              50.79748296
            ],
            [
              6.97411225,
              50.80886198
            ],
            [
              7.01353843,
              50.81782997
            ],
            [
              7.05417819,
              50.82429916
            ],
            [
              7.09563403,
              50.8282062
            ],
            [
              7.1375,
              50.82951281
            ]
          ]
        ],
        "type": "Polygon"
      },
      "properties": {
        "feature_type": "observation_zone",
        "name": "Bad Neuenahr",
        "point_type": "Area"
      },
      "type": "Feature"
    },
    {
      "geometry": {
        "coordinates": [
          7.1375,
          50.5597167
        ],
        "type": "Point"
      },
      "properties": {
        "feature_type": "waypoint",
        "name": "2. Bad Neuenahr",
        "point_type": "Area"
      },
      "type": "Feature"
    },
    {
      "geometry": {
        "coordinates": [
          [
            [
              6.4916667,
              50.97881534
            ],
            [
              6.50566716,
              50.97838145
            ],
            [
              6.519532,
              50.97708401
            ],
            [
              6.53312697,
              50.97493556
            ],
            [
              6.54632043,
              50.97195693
            ],
            [
              6.55898473,
              50.96817694
            ],
            [
              6.57099741,
              50.96363221
            ],
            [
              6.58224242,
              50.9583667
            ],
            [
              6.59261123,
              50.95243137
            ],
            [
              6.60200392,
              50.94588363
            ],
            [
              6.6103301,
              50.93878677
            ],
            [
              6.61750982,
              50.93120937
            ],
            [
              6.62347432,
              50.92322463
            ],
            [
              6.62816664,
              50.91490964
            ],
            [
              6.63154219,
              50.90634462
            ],
            [
              6.63356917,
              50.89761218
            ],
            [
              6.63422879,
              50.88879649
            ],
            [
              6.63351547,
              50.87998246
            ],
            [
              6.63143687,
              50.87125496
            ],
            [
              6.62801372,
              50.86269796
            ],
            [
              6.6232797,
              50.85439377
            ],
            [
              6.61728097,
              50.84642218
            ],
            [
              6.61007581,
              50.8388598
            ],
            [
              6.60173397,
              50.83177922
            ],
            [
              6.59233599,
              50.82524841
            ],
            [
              6.58197247,
              50.81933002
            ],
            [
              6.57074313,
              50.8140808
            ],
            [
              6.55875588,
              50.80955107
            ],
            [
              6.54612581,
              50.80578425
            ],
            [
              6.53297405,
              50.80281641
            ],
            [
              6.51942667,
              50.80067599
            ],
            [
              6.50561346,
              50.79938348
            ],
            [
              6.4916667,
              50.79895126
            ],
            [
              6.47771994,
              50.79938348
            ],
            [
              6.46390673,
              50.80067599
            ],
            [
              6.45035935,
              50.80281641
            ],
            [
              6.43720759,
              50.80578425
            ],
            [
              6.42457752,
              50.80955107
            ],
            [
              6.41259027,
              50.8140808
            ],
            [
              6.40136093,
              50.81933002
            ],
            [
              6.39099741,
              50.82524841
            ],
            [
              6.38159943,
              50.83177922
            ],
            [
              6.37325759,
              50.8388598
            ],
            [
              6.36605243,
              50.84642218
            ],
            [
              6.3600537,
              50.85439377
            ],
            [
              6.35531968,
              50.86269796
            ],
            [
              6.35189653,
              50.87125496
            ],
            [
              6.34981793,
              50.87998246
            ],
            [
              6.34910461,
              50.88879649
            ],
            [
              6.34976423,
              50.89761218
            ],
            [
              6.35179121,
              50.90634462
            ],
            [
              6.35516676,
              50.91490964
            ],
            [
              6.35985908,
              50.92322463
            ],
            [
              6.36582358,
              50.93120937
            ],
            [
              6.3730033,
              50.93878677
            ],
            [
              6.38132948,
              50.94588363
            ],
            [
              6.39072217,
              50.95243137
            ],
            [
              6.40109098,
              50.9583667
            ],
            [
              6.41233599,
              50.96363221
            ],
            [
              6.42434867,
              50.96817694
            ],
            [
              6.43701297,
              50.97195693
            ],
            [
              6.45020643,
              50.97493556
            ],
            [
              6.4638014,
              50.97708401
            ],
            [
              6.47766624,
              50.97838145
            ],
            [
              6.4916667,
              50.97881534
            ]
          ]
        ],
        "type": "Polygon"
      },
      "properties": {
        "feature_type": "observation_zone",
        "name": "058Hambach Süd",
        "point_type": "Area"
      },
      "type": "Feature"
    },
    {
      "geometry": {
        "coordinates": [
          6.4916667,
          50.8888833
        ],
        "type": "Point"
      },
      "properties": {
        "feature_type": "waypoint",
        "name": "3. 058Hambach Süd",
        "point_type": "Area"
      },
      "type": "Feature"
    },
    {
      "geometry": {
        "coordinates": [
          [
            [
              7.2,
              51.26688204
            ],
            [
              7.21408804,
              51.26644814
            ],
            [
              7.2280396,
              51.26515067
            ],
            [
              7.24171959,
              51.26300219
            ],
            [
              7.25499553,
              51.26002349
            ],
            [
              7.26773898,
              51.25624344
            ],
            [
              7.2798267,
              51.25169863
            ],
            [
              7.2911419,
              51.24643304
            ],
            [
              7.30157539,
              51.24049762
            ],
            [
              7.31102662,
              51.23394979
            ],
            [
              7.31940464,
              51.22685284
            ],
            [
              7.326629,
              51.21927537
            ],
            [
              7.3326305,
              51.21129057
            ],
            [
              7.33735186,
              51.20297552
            ],
            [
              7.34074822,
              51.19441046
            ],
            [
              7.34278756,
              51.18567799
            ],
            [
              7.34345102,
              51.17686229
            ],
            [
              7.34273297,
              51.16804827
            ],
            [
              7.34064114,
              51.1593208
            ],
            [
              7.3371964,
              51.15076384
            ],
            [
              7.33243264,
              51.1424597
            ],
            [
              7.32639634,
              51.13448819
            ],
            [
              7.31914612,
              51.12692588
            ],
            [
              7.31075218,
              51.11984539
            ],
            [
              7.30129558,
              51.11331467
            ],
            [
              7.29086746,
              51.10739636
            ],
            [
              7.27956818,
              51.10214723
            ],
            [
              7.26750632,
              51.09761757
            ],
            [
              7.25479767,
              51.09385082
            ],
            [
              7.24156413,
              51.09088303
            ],
            [
              7.22793252,
              51.08874265
            ],
            [
              7.21403345,
              51.08745017
            ],
            [
              7.2,
              51.08701796
            ],
            [
              7.18596655,
              51.08745017
            ],
            [
              7.17206748,
              51.08874265
            ],
            [
              7.15843587,
              51.09088303
            ],
            [
              7.14520233,
              51.09385082
            ],
            [
              7.13249368,
              51.09761757
            ],
            [
              7.12043182,
              51.10214723
            ],
            [
              7.10913254,
              51.10739636
            ],
            [
              7.09870442,
              51.11331467
            ],
            [
              7.08924782,
              51.11984539
            ],
            [
              7.08085388,
              51.12692588
            ],
            [
              7.07360366,
              51.13448819
            ],
            [
              7.06756736,
              51.1424597
            ],
            [
              7.0628036,
              51.15076384
            ],
            [
              7.05935886,
              51.1593208
            ],
            [
              7.05726703,
              51.16804827
            ],
            [
              7.05654898,
              51.17686229
            ],
            [
              7.05721244,
              51.18567799
            ],
            [
              7.05925178,
              51.19441046
            ],
            [
              7.06264814,
              51.20297552
            ],
            [
              7.0673695,
              51.21129057
            ],
            [
              7.073371,
              51.21927537
            ],
            [
              7.08059536,
              51.22685284
            ],
            [
              7.08897338,
              51.23394979
            ],
            [
              7.09842461,
              51.24049762
            ],
            [
              7.1088581,
              51.24643304
            ],
            [
              7.1201733,
              51.25169863
            ],
            [
              7.13226102,
              51.25624344
            ],
            [
              7.14500447,
              51.26002349
            ],
            [
              7.15828041,
              51.26300219
            ],
            [
              7.1719604,
              51.26515067
            ],
            [
              7.18591196,
              51.26644814
            ],
            [
              7.2,
              51.26688204
            ]
          ]
        ],
        "type": "Polygon"
      },
      "properties": {
        "feature_type": "observation_zone",
        "name": "110Remscheid Bhf",
        "point_type": "Area"
      },
      "type": "Feature"
    },
    {
      "geometry": {
        "coordinates": [
          7.2,
          51.17695
        ],
        "type": "Point"
      },
      "properties": {
        "feature_type": "waypoint",
        "name": "4. 110Remscheid Bhf",
        "point_type": "Area"
      },
      "type": "Feature"
    },
    {
      "geometry": {
        "coordinates": [
          [
            [
              7.03695,
              51.11576971
            ],
            [
              7.0397584,
              51.11568306
            ],
            [
              7.04253973,
              51.11542397
            ],
            [
              7.04526717,
              51.11499492
            ],
            [
              7.04791441,
              51.11440006
            ],
            [
              7.05045595,
              51.11364512
            ],
            [
              7.05286728,
              51.11273737
            ],
            [
              7.05512518,
              51.11168557
            ],
            [
              7.05720788,
              51.11049986
            ],
            [
              7.05909532,
              51.10919166
            ],
            [
              7.06076934,
              51.10777359
            ],
            [
              7.06221382,
              51.10625931
            ],
            [
              7.06341485,
              51.10466341
            ],
            [
              7.06436091,
              51.10300127
            ],
            [
              7.06504289,
              51.10128891
            ],
            [
              7.06545426,
              51.09954281
            ],
            [
              7.06559109,
              51.0977798
            ],
            [
              7.06545208,
              51.09601686
            ],
            [
              7.06503862,
              51.09427096
            ],
            [
              7.06435472,
              51.09255892
            ],
            [
              7.06340697,
              51.09089721
            ],
            [
              7.06220455,
              51.08930185
            ],
            [
              7.06075905,
              51.08778817
            ],
            [
              7.0590844,
              51.08637075
            ],
            [
              7.05719674,
              51.08506324
            ],
            [
              7.05511425,
              51.08387821
            ],
            [
              7.05285699,
              51.08282707
            ],
            [
              7.05044668,
              51.08191993
            ],
            [
              7.04790653,
              51.08116551
            ],
            [
              7.04526098,
              51.08057109
            ],
            [
              7.04253547,
              51.08014236
            ],
            [
              7.03975623,
              51.07988347
            ],
            [
              7.03695,
              51.07979689
            ],
            [
              7.03414377,
              51.07988347
            ],
            [
              7.03136453,
              51.08014236
            ],
            [
              7.02863902,
              51.08057109
            ],
            [
              7.02599347,
              51.08116551
            ],
            [
              7.02345332,
              51.08191993
            ],
            [
              7.02104301,
              51.08282707
            ],
            [
              7.01878575,
              51.08387821
            ],
            [
              7.01670326,
              51.08506324
            ],
            [
              7.0148156,
              51.08637075
            ],
            [
              7.01314095,
              51.08778817
            ],
            [
              7.01169545,
              51.08930185
            ],
            [
              7.01049303,
              51.09089721
            ],
            [
              7.00954528,
              51.09255892
            ],
            [
              7.00886138,
              51.09427096
            ],
            [
              7.00844792,
              51.09601686
            ],
            [
              7.00830891,
              51.0977798
            ],
            [
              7.00844574,
              51.09954281
            ],
            [
              7.00885711,
              51.10128891
            ],
            [
              7.00953909,
              51.10300127
            ],
            [
              7.01048515,
              51.10466341
            ],
            [
              7.01168618,
              51.10625931
            ],
            [
              7.01313066,
              51.10777359
            ],
            [
              7.01480468,
              51.10919166
            ],
            [
              7.01669212,
              51.11049986
            ],
            [
              7.01877482,
              51.11168557
            ],
            [
              7.02103272,
              51.11273737
            ],
            [
              7.02344405,
              51.11364512
            ],
            [
              7.02598559,
              51.11440006
            ],
            [
              7.02863283,
              51.11499492
            ],
            [
              7.03136027,
              51.11542397
            ],
            [
              7.0341416,
              51.11568306
            ],
            [
              7.03695,
              51.11576971
            ]
          ]
        ],
        "type": "Polygon"
      },
      "properties": {
        "feature_type": "observation_zone",
        "name": "002Zielkreis",
        "point_type": "Finish"
      },
      "type": "Feature"
    },
    {
      "geometry": {
        "coordinates": [
          7.03695,
          51.0977833
        ],
        "type": "Point"
      },
      "properties": {
        "feature_type": "waypoint",
        "name": "002Zielkreis",
        "point_type": "Finish"
      },
      "type": "Feature"
    }
  ],
  "type": "FeatureCollection"
}
