---
source: examples/visualize/geojson.rs
expression: geojson
---
{
  "features": [
    {
      "geometry": {
        "coordinates": [
          [
            6.39361,
            51.1011
          ],
          [
            6.32278,
            50.8397
          ],
          [
            6.98528,
            51.1408
          ],
          [
            6.77611,
            51.0372
          ],
          [
            6.39361,
            51.1011
          ]
        ],
        "type": "LineString"
      },
      "properties": {
        "feature_type": "course_line"
      },
      "type": "Feature"
    },
    {
      "geometry": {
        "coordinates": [
          [
            [
              6.39361,
              51.1100932
            ],
            [
              6.39501403,
              51.11004989
            ],
            [
              6.39640453,
              51.10992037
            ],
            [
              6.39776811,
              51.10970589
            ],
            [
              6.39909161,
              51.10940851
            ],
            [
              6.4003623,
              51.1090311
            ],
            [
              6.40156793,
              51.10857731
            ],
            [
              6.40269688,
              51.10805149
            ],
            [
              6.40373827,
              51.10745872
            ],
            [
              6.40468209,
              51.10680471
            ],
            [
              6.40551924,
              51.10609575
            ],
            [
              6.40624166,
              51.10533869
            ],
            [
              6.40684239,
              51.1045408
            ],
            [
              6.40731566,
              51.10370979
            ],
            [
              6.40765692,
              51.10285365
            ],
            [
              6.40786288,
              51.10198062
            ],
            [
              6.40793157,
              51.10109913
            ],
            [
              6.40786234,
              51.10021765
            ],
            [
              6.40765585,
              51.09934467
            ],
            [
              6.40731412,
              51.09848861
            ],
            [
              6.40684042,
              51.0976577
            ],
            [
              6.40623934,
              51.09685995
            ],
            [
              6.40551666,
              51.09610304
            ],
            [
              6.40467936,
              51.09539425
            ],
            [
              6.40373549,
              51.09474041
            ],
            [
              6.40269414,
              51.09414781
            ],
            [
              6.40156535,
              51.09362215
            ],
            [
              6.40035998,
              51.09316851
            ],
            [
              6.39908964,
              51.09279124
            ],
            [
              6.39776656,
              51.09249397
            ],
            [
              6.39640347,
              51.09227956
            ],
            [
              6.39501349,
              51.09215009
            ],
            [
              6.39361,
              51.0921068
            ],
            [
              6.39220651,
              51.09215009
            ],
            [
              6.39081653,
              51.09227956
            ],
            [
              6.38945344,
              51.09249397
            ],
            [
              6.38813036,
              51.09279124
            ],
            [
              6.38686002,
              51.09316851
            ],
            [
              6.38565465,
              51.09362215
            ],
            [
              6.38452586,
              51.09414781
            ],
            [
              6.38348451,
              51.09474041
            ],
            [
              6.38254064,
              51.09539425
            ],
            [
              6.38170334,
              51.09610304
            ],
            [
              6.38098066,
              51.09685995
            ],
            [
              6.38037958,
              51.0976577
            ],
            [
              6.37990588,
              51.09848861
            ],
            [
              6.37956415,
              51.09934467
            ],
            [
              6.37935766,
              51.10021765
            ],
            [
              6.37928843,
              51.10109913
            ],
            [
              6.37935712,
              51.10198062
            ],
            [
              6.37956308,
              51.10285365
            ],
            [
              6.37990434,
              51.10370979
            ],
            [
              6.38037761,
              51.1045408
            ],
            [
              6.38097834,
              51.10533869
            ],
            [
              6.38170076,
              51.10609575
            ],
            [
              6.38253791,
              51.10680471
            ],
            [
              6.38348173,
              51.10745872
            ],
            [
              6.38452312,
              51.10805149
            ],
            [
              6.38565207,
              51.10857731
            ],
            [
              6.3868577,
              51.1090311
            ],
            [
              6.38812839,
              51.10940851
            ],
            [
              6.38945189,
              51.10970589
            ],
            [
              6.39081547,
              51.10992037
            ],
            [
              6.39220597,
              51.11004989
            ],
            [
              6.39361,
              51.1100932
            ]
          ]
        ],
        "type": "Polygon"
      },
      "properties": {
        "feature_type": "observation_zone",
        "name": "Wanlo Niersq",
        "point_type": "Start"
      },
      "type": "Feature"
    },
    {
      "geometry": {
        "coordinates": [
          6.39361,
          51.1011
        ],
        "type": "Point"
      },
      "properties": {
        "feature_type": "waypoint",
        "name": "Wanlo Niersq",
        "point_type": "Start"
      },
      "type": "Feature"
    },
    {
      "geometry": {
        "coordinates": [
          [
            [
              6.32278,
              50.8486932
            ],
            [
              6.32417615,
              50.84864989
            ],
            [
              6.32555884,
              50.84852037
            ],
            [
              6.32691476,
              50.84830589
            ],
            [
              6.32823084,
              50.84800851
            ],
            [
              6.32949439,
              50.8476311
            ],
            [
              6.33069325,
              50.84717731
            ],
            [
              6.33181586,
              50.84665149
            ],
            [
              6.33285142,
              50.84605872
            ],
            [
              6.33378994,
              50.84540471
            ],
            [
              6.33462239,
              50.84469576
            ],
            [
              6.33534075,
              50.84393869
            ],
            [
              6.33593812,
              50.84314081
            ],
            [
              6.33640874,
              50.8423098
            ],
            [
              6.33674808,
              50.84145365
            ],
            [
              6.33695289,
              50.84058063
            ],
            [
              6.3370212,
              50.83969913
            ],
            [
              6.33695235,
              50.83881765
            ],
            [
              6.33674703,
              50.83794468
            ],
            [
              6.33640721,
              50.83708862
            ],
            [
              6.33593618,
              50.83625771
            ],
            [
              6.33533847,
              50.83545996
            ],
            [
              6.33461985,
              50.83470304
            ],
            [
              6.33378725,
              50.83399425
            ],
            [
              6.33284867,
              50.83334041
            ],
            [
              6.33181317,
              50.83274781
            ],
            [
              6.33069072,
              50.83222216
            ],
            [
              6.32949211,
              50.83176851
            ],
            [
              6.3282289,
              50.83139124
            ],
            [
              6.32691324,
              50.83109397
            ],
            [
              6.32555779,
              50.83087957
            ],
            [
              6.32417561,
              50.83075009
            ],
            [
              6.32278,
              50.8307068
            ],
            [
              6.32138439,
              50.83075009
            ],
            [
              6.32000221,
              50.83087957
            ],
            [
              6.31864676,
              50.83109397
            ],
            [
              6.3173311,
              50.83139124
            ],
            [
              6.31606789,
              50.83176851
            ],
            [
              6.31486928,
              50.83222216
            ],
            [
              6.31374683,
              50.83274781
            ],
            [
              6.31271133,
              50.83334041
            ],
            [
              6.31177275,
              50.83399425
            ],
            [
              6.31094015,
              50.83470304
            ],
            [
              6.31022153,
              50.83545996
            ],
            [
              6.30962382,
              50.83625771
            ],
            [
              6.30915279,
              50.83708862
            ],
            [
              6.30881297,
              50.83794468
            ],
            [
              6.30860765,
              50.83881765
            ],
            [
              6.3085388,
              50.83969913
            ],
            [
              6.30860711,
              50.84058063
            ],
            [
              6.30881192,
              50.84145365
            ],
            [
              6.30915126,
              50.8423098
            ],
            [
              6.30962188,
              50.84314081
            ],
            [
              6.31021925,
              50.84393869
            ],
            [
              6.31093761,
              50.84469576
            ],
            [
              6.31177006,
              50.84540471
            ],
            [
              6.31270858,
              50.84605872
            ],
            [
              6.31374414,
              50.84665149
            ],
            [
              6.31486675,
              50.84717731
            ],
            [
              6.31606561,
              50.8476311
            ],
            [
              6.31732916,
              50.84800851
            ],
            [
              6.31864524,
              50.84830589
            ],
            [
              6.32000116,
              50.84852037
            ],
            [
              6.32138385,
              50.84864989
            ],
            [
              6.32278,
              50.8486932
            ]
          ]
        ],
        "type": "Polygon"
      },
      "properties": {
        "feature_type": "observation_zone",
        "name": "Weisweiler K",
        "point_type": "Turn"
      },
      "type": "Feature"
    },
    {
      "geometry": {
        "coordinates": [
          6.32278,
          50.8397
        ],
        "type": "Point"
      },
      "properties": {
        "feature_type": "waypoint",
        "name": "1. Weisweiler K",
        "point_type": "Turn"
      },
      "type": "Feature"
    },
    {
      "geometry": {
        "coordinates": [
          [
            [
              6.98528,
              51.1497932
            ],
            [
              6.98668524,
              51.14974989
            ],
            [
              6.98807694,
              51.14962037
            ],
            [
              6.98944168,
              51.14940589
            ],
            [
              6.99076633,
              51.14910851
            ],
            [
              6.99203811,
              51.1487311
            ],
            [
              6.99324477,
              51.14827731
            ],
            [
              6.99437469,
              51.14775149
            ],
            [
              6.99541698,
              51.14715872
            ],
            [
              6.99636161,
              51.1465047
            ],
            [
              6.99719948,
              51.14579575
            ],
            [
              6.99792252,
              51.14503869
            ],
            [
              6.99852377,
              51.1442408
            ],
            [
              6.99899745,
              51.14340979
            ],
            [
              6.999339,
              51.14255364
            ],
            [
              6.99954513,
              51.14168062
            ],
            [
              6.99961388,
              51.14079912
            ],
            [
              6.99954459,
              51.13991764
            ],
            [
              6.99933793,
              51.13904467
            ],
            [
              6.9989959,
              51.13818861
            ],
            [
              6.99852179,
              51.1373577
            ],
            [
              6.9979202,
              51.13655995
            ],
            [
              6.9971969,
              51.13580304
            ],
            [
              6.99635887,
              51.13509425
            ],
            [
              6.99541419,
              51.13444041
            ],
            [
              6.99437195,
              51.13384781
            ],
            [
              6.99324219,
              51.13332215
            ],
            [
              6.99203579,
              51.13286851
            ],
            [
              6.99076435,
              51.13249123
            ],
            [
              6.98944013,
              51.13219397
            ],
            [
              6.98807587,
              51.13197956
            ],
            [
              6.98668469,
              51.13185009
            ],
            [
              6.98528,
              51.1318068
            ],
            [
              6.98387531,
              51.13185009
            ],
            [
              6.98248413,
              51.13197956
            ],
            [
              6.98111987,
              51.13219397
            ],
            [
              6.97979565,
              51.13249123
            ],
            [
              6.97852421,
              51.13286851
            ],
            [
              6.97731781,
              51.13332215
            ],
            [
              6.97618805,
              51.13384781
            ],
            [
              6.97514581,
              51.13444041
            ],
            [
              6.97420113,
              51.13509425
            ],
            [
              6.9733631,
              51.13580304
            ],
            [
              6.9726398,
              51.13655995
            ],
            [
              6.97203821,
              51.1373577
            ],
            [
              6.9715641,
              51.13818861
            ],
            [
              6.97122207,
              51.13904467
            ],
            [
              6.97101541,
              51.13991764
            ],
            [
              6.97094612,
              51.14079912
            ],
            [
              6.97101487,
              51.14168062
            ],
            [
              6.971221,
              51.14255364
            ],
            [
              6.97156255,
              51.14340979
            ],
            [
              6.97203623,
              51.1442408
            ],
            [
              6.97263748,
              51.14503869
            ],
            [
              6.97336052,
              51.14579575
            ],
            [
              6.97419839,
              51.1465047
            ],
            [
              6.97514302,
              51.14715872
            ],
            [
              6.97618531,
              51.14775149
            ],
            [
              6.97731523,
              51.14827731
            ],
            [
              6.97852189,
              51.1487311
            ],
            [
              6.97979367,
              51.14910851
            ],
            [
              6.98111832,
              51.14940589
            ],
            [
              6.98248306,
              51.14962037
            ],
            [
              6.98387476,
              51.14974989
            ],
            [
              6.98528,
              51.1497932
            ]
          ]
        ],
        "type": "Polygon"
      },
      "properties": {
        "feature_type": "observation_zone",
        "name": "Langenfeld W",
        "point_type": "Turn"
      },
      "type": "Feature"
    },
    {
      "geometry": {
        "coordinates": [
          6.98528,
          51.1408
        ],
        "type": "Point"
      },
      "properties": {
        "feature_type": "waypoint",
        "name": "2. Langenfeld W",
        "point_type": "Turn"
      },
      "type": "Feature"
    },
    {
      "geometry": {
        "coordinates": [
          [
            [
              6.77611,
              51.0461932
            ],
            [
              6.77751209,
              51.04614989
            ],
            [
              6.77890068,
              51.04602037
            ],
            [
              6.78026237,
              51.04580589
            ],
            [
              6.78158405,
              51.04550851
            ],
            [
              6.78285298,
              51.0451311
            ],
            [
              6.78405694,
              51.04467731
            ],
            [
              6.78518433,
              51.04415149
            ],
            [
              6.7862243,
              51.04355872
            ],
            [
              6.78716681,
              51.04290471
            ],
            [
              6.7880028,
              51.04219575
            ],
            [
              6.78872423,
              51.04143869
            ],
            [
              6.78932413,
              51.04064081
            ],
            [
              6.78979675,
              51.03980979
            ],
            [
              6.79013754,
              51.03895365
            ],
            [
              6.79034322,
              51.03808062
            ],
            [
              6.79041181,
              51.03719913
            ],
            [
              6.79034267,
              51.03631765
            ],
            [
              6.79013648,
              51.03544467
            ],
            [
              6.78979521,
              51.03458861
            ],
            [
              6.78932217,
              51.03375771
            ],
            [
              6.78872192,
              51.03295995
            ],
            [
              6.78800024,
              51.03220304
            ],
            [
              6.78716409,
              51.03149425
            ],
            [
              6.78622152,
              51.03084041
            ],
            [
              6.78518161,
              51.03024781
            ],
            [
              6.78405438,
              51.02972216
            ],
            [
              6.78285067,
              51.02926851
            ],
            [
              6.78158209,
              51.02889124
            ],
            [
              6.78026083,
              51.02859397
            ],
            [
              6.77889961,
              51.02837957
            ],
            [
              6.77751155,
              51.02825009
            ],
            [
              6.77611,
              51.0282068
            ],
            [
              6.77470845,
              51.02825009
            ],
            [
              6.77332039,
              51.02837957
            ],
            [
              6.77195917,
              51.02859397
            ],
            [
              6.77063791,
              51.02889124
            ],
            [
              6.76936933,
              51.02926851
            ],
            [
              6.76816562,
              51.02972216
            ],
            [
              6.76703839,
              51.03024781
            ],
            [
              6.76599848,
              51.03084041
            ],
            [
              6.76505591,
              51.03149425
            ],
            [
              6.76421976,
              51.03220304
            ],
            [
              6.76349808,
              51.03295995
            ],
            [
              6.76289783,
              51.03375771
            ],
            [
              6.76242479,
              51.03458861
            ],
            [
              6.76208352,
              51.03544467
            ],
            [
              6.76187733,
              51.03631765
            ],
            [
              6.76180819,
              51.03719913
            ],
            [
              6.76187678,
              51.03808062
            ],
            [
              6.76208246,
              51.03895365
            ],
            [
              6.76242325,
              51.03980979
            ],
            [
              6.76289587,
              51.04064081
            ],
            [
              6.76349577,
              51.04143869
            ],
            [
              6.7642172,
              51.04219575
            ],
            [
              6.76505319,
              51.04290471
            ],
            [
              6.7659957,
              51.04355872
            ],
            [
              6.76703567,
              51.04415149
            ],
            [
              6.76816306,
              51.04467731
            ],
            [
              6.76936702,
              51.0451311
            ],
            [
              6.77063595,
              51.04550851
            ],
            [
              6.77195763,
              51.04580589
            ],
            [
              6.77331932,
              51.04602037
            ],
            [
              6.77470791,
              51.04614989
            ],
            [
              6.77611,
              51.0461932
            ]
          ]
        ],
        "type": "Polygon"
      },
      "properties": {
        "feature_type": "observation_zone",
        "name": "APF001-2",
        "point_type": "Turn"
      },
      "type": "Feature"
    },
    {
      "geometry": {
        "coordinates": [
          6.77611,
          51.0372
        ],
        "type": "Point"
      },
      "properties": {
        "feature_type": "waypoint",
        "name": "3. APF001-2",
        "point_type": "Turn"
      },
      "type": "Feature"
    },
    {
      "geometry": {
        "coordinates": [
          [
            [
              6.14594331,
              51.01100587
            ],
            [
              6.13919332,
              51.01874558
            ],
            [
              6.13305296,
              51.026684
            ],
            [
              6.12753727,
              51.0348021
            ],
            [
              6.12265982,
              51.04308041
            ],
            [
              6.11843264,
              51.05149908
            ],
            [
              6.11486625,
              51.06003788
            ],
            [
              6.11196958,
              51.0686763
            ],
            [
              6.10974996,
              51.0773936
            ],
            [
              6.10821313,
              51.08616881
            ],
            [
              6.10736315,
              51.09498081
            ],
            [
              6.10720248,
              51.10380839
            ],
            [
              6.1077319,
              51.11263028
            ],
            [
              6.10895052,
              51.12142524
            ],
            [
              6.11085579,
              51.13017203
            ],
            [
              6.11344352,
              51.13884957
            ],
            [
              6.11670783,
              51.1474369
            ],
            [
              6.12064122,
              51.15591328
            ],
            [
              6.12523454,
              51.16425822
            ],
            [
              6.13047704,
              51.17245153
            ],
            [
              6.13635638,
              51.18047341
            ],
            [
              6.14285866,
              51.18830442
            ],
            [
              6.14996843,
              51.1959256
            ],
            [
              6.15766878,
              51.20331848
            ],
            [
              6.1659413,
              51.21046514
            ],
            [
              6.1747662,
              51.21734824
            ],
            [
              6.1841223,
              51.22395108
            ],
            [
              6.19398711,
              51.23025762
            ],
            [
              6.20433687,
              51.23625256
            ],
            [
              6.21514663,
              51.24192131
            ],
            [
              6.22639026,
              51.24725011
            ],
            [
              6.23804059,
              51.25222599
            ],
            [
              6.25006938,
              51.25683685
            ],
            [
              6.39361,
              51.1011
            ],
            [
              6.14594331,
              51.01100587
            ]
          ]
        ],
        "type": "Polygon"
      },
      "properties": {
        "feature_type": "observation_zone",
        "name": "Wanlo Niersq",
        "point_type": "Finish"
      },
      "type": "Feature"
    },
    {
      "geometry": {
        "coordinates": [
          6.39361,
          51.1011
        ],
        "type": "Point"
      },
      "properties": {
        "feature_type": "waypoint",
        "name": "Wanlo Niersq",
        "point_type": "Finish"
      },
      "type": "Feature"
    }
  ],
  "type": "FeatureCollection"
}
